// Jest Snapshot v1, https://goo.gl/fbAQLP

exports[`PostForm renders without crashing 1`] = `
<form
  className="Form-content"
  encType="multipart/form-data"
  onSubmit={[Function]}
>
  <span>
    <label>
      Date
    </label>
    <input
      className="date"
      onChange={[Function]}
      type="date"
      value=""
    />
  </span>
  <span>
    <label>
      Reading time (in minutes)
    </label>
    <input
      className="readingTime"
      onChange={[Function]}
      type="number"
    />
  </span>
  <span
    className="titleEntry"
  >
    <label>
      Title (Characters: 
      70
      )
    </label>
    <input
      className="title"
      maxLength={70}
      onChange={[Function]}
      type="text"
      value=""
    />
  </span>
  <span
    className="descriptionEntry"
  >
    <label>
      Description (Characters: 
      130
      )
    </label>
    <textarea
      className="description"
      maxLength={130}
      onChange={[Function]}
      value=""
    />
  </span>
  <span>
    <label>
      Image
    </label>
    <input
      accept="image/*"
      name="image"
      type="file"
    />
  </span>
  <span>
    <button
      className="Button"
      type="submit"
    >
      UPLOAD POST
    </button>
  </span>
</form>
`;
